I'm sorry, but errors were detected in your script. Please correct the
errors listed below, and try again.


File "game/script.rpy", line 116: expected statement.
    "Kesehatan":
               ^

Ren'Py Version: Ren'Py 8.3.4.24112403+nightly
Wed Nov 27 15:04:35 2024
